app/api/purchase-requests/route.ts(291,31): error TS2339: Property 'approverEmail' does not exist on type '{ id: string; name: string; email: string; userMail: string | null; }'.
app/api/purchase-requests/route.ts(308,41): error TS2339: Property 'approverEmail' does not exist on type '{ id: string; name: string; email: string; userMail: string | null; }'.
app/api/purchase-requests/route.ts(309,99): error TS2339: Property 'approverEmail' does not exist on type '{ id: string; name: string; email: string; userMail: string | null; }'.
